// Jest Snapshot v1, https://goo.gl/fbAQLP

exports[`the parents dashboard matches the snapshot 1`] = `
<DocumentFragment>
  <div
    class="container"
  >
    <h3>
      These chores are available!
    </h3>
    <div>
      <div>
        availableChore
      </div>
      <div>
        Â£1
      </div>
      <button
        type="button"
      >
        Take
      </button>
    </div>
    <div>
      <button
        type="button"
      >
        <a
          href="/childdashboard"
        >
          Back To Dashboard
        </a>
      </button>
    </div>
  </div>
</DocumentFragment>
`;
